// Jest Snapshot v1, https://goo.gl/fbAQLP

exports[`Header 样式发生改变，进行提示 1`] = `
<div class="header">
  <div class="header-content"> TodoList <input data-test="input" type="text" class="header-input" placeholder="输入待办事项"></div>
</div>
`;
